0${&*&}$ola
1${&*&}$tudo bem ai????
2${&*&}$opa eaeeeee
END_OF_FILE